Started render process: C:/Users/tw_ne/AppData/Local/Programs/kdenlive/bin/melt.exe -loglevel error -progress2 C:/Users/tw_ne/AppData/Local/Temp/kdenlive-BJFyUW-1.mlt
1	72	2
2	107	3
3	141	4
4	176	5
5	213	6
6	247	7
8	282	8
9	317	9
11	352	10
13	388	11
15	423	12
18	458	13
20	493	14
23	528	15
25	564	16
27	599	17
30	634	18
31	669	19
33	704	20
35	740	21
36	775	22
39	810	23
41	845	24
43	880	25
44	916	26
46	951	27
48	986	28
51	1021	29
54	1056	30
58	1092	31
61	1127	32
63	1162	33
65	1197	34
66	1232	35
69	1268	36
71	1303	37
74	1338	38
76	1373	39
78	1408	40
81	1444	41
83	1479	42
85	1514	43
86	1549	44
88	1584	45
90	1620	46
92	1655	47
94	1690	48
96	1725	49
98	1760	50
100	1796	51
103	1831	52
105	1866	53
107	1901	54
109	1936	55
111	1972	56
113	2007	57
116	2042	58
118	2077	59
121	2112	60
124	2148	61
127	2183	62
130	2218	63
133	2253	64
136	2288	65
139	2324	66
142	2359	67
145	2394	68
148	2429	69
150	2464	70
152	2500	71
154	2535	72
156	2570	73
158	2605	74
159	2640	75
160	2677	76
162	2711	77
163	2746	78
164	2781	79
166	2816	80
167	2852	81
168	2887	82
170	2922	83
171	2957	84
172	2992	85
174	3028	86
176	3063	87
178	3098	88
180	3133	89
182	3168	90
184	3204	91
185	3239	92
187	3274	93
190	3309	94
191	3344	95
193	3380	96
195	3415	97
196	3450	98
198	3485	99
Rendering of C:/Users/tw_ne/Videos/SCP5K Master Edit File.mp4 aborted, resulting video will probably be corrupted.
Frame: 3485
